// Jest Snapshot v1, https://goo.gl/fbAQLP

exports[`the app structure is rendered correctly 1`] = `
<div>
  <header
    class="wrapper"
  >
    <h1
      class="title"
    >
      Grocerly
    </h1>
    <button
      class="button active"
      title="Toggle form"
      type="button"
    >
      <svg
        fill="none"
        height="24"
        stroke="currentColor"
        stroke-linecap="round"
        stroke-linejoin="round"
        stroke-width="2"
        viewBox="0 0 24 24"
        width="24"
      >
        <polyline
          points="18 15 12 9 6 15"
        />
      </svg>
    </button>
    <button
      class="button"
      title="Delete all items"
      type="button"
    >
      <svg
        fill="none"
        height="20"
        stroke="currentColor"
        stroke-linecap="round"
        stroke-linejoin="round"
        stroke-width="2"
        viewBox="0 0 24 24"
        width="20"
      >
        <polyline
          points="3 6 5 6 21 6"
        />
        <path
          d="M19 6v14a2 2 0 0 1-2 2H7a2 2 0 0 1-2-2V6m3 0V4a2 2 0 0 1 2-2h4a2 2 0 0 1 2 2v2"
        />
        <line
          x1="10"
          x2="10"
          y1="11"
          y2="17"
        />
        <line
          x1="14"
          x2="14"
          y1="11"
          y2="17"
        />
      </svg>
    </button>
    <button
      class="button "
      title="Toggle settings"
      type="button"
    >
      <svg
        fill="none"
        height="20"
        stroke="currentColor"
        stroke-linecap="round"
        stroke-linejoin="round"
        stroke-width="2"
        viewBox="0 0 24 24"
        width="20"
      >
        <circle
          cx="12"
          cy="12"
          r="3"
        />
        <path
          d="M19.4 15a1.65 1.65 0 0 0 .33 1.82l.06.06a2 2 0 0 1 0 2.83 2 2 0 0 1-2.83 0l-.06-.06a1.65 1.65 0 0 0-1.82-.33 1.65 1.65 0 0 0-1 1.51V21a2 2 0 0 1-2 2 2 2 0 0 1-2-2v-.09A1.65 1.65 0 0 0 9 19.4a1.65 1.65 0 0 0-1.82.33l-.06.06a2 2 0 0 1-2.83 0 2 2 0 0 1 0-2.83l.06-.06a1.65 1.65 0 0 0 .33-1.82 1.65 1.65 0 0 0-1.51-1H3a2 2 0 0 1-2-2 2 2 0 0 1 2-2h.09A1.65 1.65 0 0 0 4.6 9a1.65 1.65 0 0 0-.33-1.82l-.06-.06a2 2 0 0 1 0-2.83 2 2 0 0 1 2.83 0l.06.06a1.65 1.65 0 0 0 1.82.33H9a1.65 1.65 0 0 0 1-1.51V3a2 2 0 0 1 2-2 2 2 0 0 1 2 2v.09a1.65 1.65 0 0 0 1 1.51 1.65 1.65 0 0 0 1.82-.33l.06-.06a2 2 0 0 1 2.83 0 2 2 0 0 1 0 2.83l-.06.06a1.65 1.65 0 0 0-.33 1.82V9a1.65 1.65 0 0 0 1.51 1H21a2 2 0 0 1 2 2 2 2 0 0 1-2 2h-.09a1.65 1.65 0 0 0-1.51 1z"
        />
      </svg>
    </button>
  </header>
  <form
    autocapitalize="off"
    class="wrapper"
    novalidate=""
  >
    <div
      class="amount-controls"
    >
      <button
        class="amount-button"
        disabled=""
        type="button"
      >
        -
      </button>
      <input
        class="input amount-input"
        placeholder="Qt."
        type="number"
        value=""
      />
      <button
        class="amount-button"
        type="button"
      >
        +
      </button>
    </div>
    <input
      class="input name-input"
      placeholder="e.g. eggs, milk, spinach"
      type="text"
      value=""
    />
    <div
      class="units"
    >
      <label
        class="label"
      >
        <input
          class="input"
          name="unit"
          type="radio"
          value="mg"
        />
        <span
          class="display"
        >
          mg
        </span>
      </label>
      <label
        class="label"
      >
        <input
          class="input"
          name="unit"
          type="radio"
          value="g"
        />
        <span
          class="display"
        >
          g
        </span>
      </label>
      <label
        class="label"
      >
        <input
          class="input"
          name="unit"
          type="radio"
          value="kg"
        />
        <span
          class="display"
        >
          kg
        </span>
      </label>
      <label
        class="label"
      >
        <input
          class="input"
          name="unit"
          type="radio"
          value="ml"
        />
        <span
          class="display"
        >
          ml
        </span>
      </label>
      <label
        class="label"
      >
        <input
          class="input"
          name="unit"
          type="radio"
          value="l"
        />
        <span
          class="display"
        >
          l
        </span>
      </label>
    </div>
    <button
      class="button"
      type="submit"
    >
      Add
    </button>
  </form>
  <main
    class="wrapper"
  >
    <div
      class="empty"
    >
      <svg>
        <use
          xlink:href="/shopping-cart.svg#img"
        />
      </svg>
      <p>
        <b>
          Nothing here, yet.
        </b>
        <br />
        Start adding items to your shopping list below.
      </p>
    </div>
  </main>
</div>
`;
